// Jest Snapshot v1, https://goo.gl/fbAQLP

exports[`RangePicker Tests allowClear 1`] = `
<div
  class="ant-picker-container"
>
  <label
    class="ant-picker-label date-start"
  >
    Start Date
  </label>
  <label
    class="ant-picker-label date-end"
  >
    End Date
  </label>
  <div
    class="ant-picker ant-picker-range"
  >
    <div
      class="ant-picker-input ant-picker-input-active"
    >
      <input
        placeholder="Start date"
        readonly=""
        size="12"
        value=""
      />
    </div>
    <div
      class="ant-picker-range-separator"
    >
      <span
        aria-label="to"
        class="ant-picker-separator"
      />
    </div>
    <div
      class="ant-picker-input"
    >
      <input
        placeholder="End date"
        readonly=""
        size="12"
        value=""
      />
    </div>
    <div
      class="ant-picker-active-bar"
      style="left: 0px; width: 0px; position: absolute;"
    />
    <span
      class="ant-picker-suffix"
    >
      <span
        aria-label="calendar"
        class="anticon anticon-calendar"
        role="img"
      >
        <svg
          aria-hidden="true"
          class=""
          data-icon="calendar"
          fill="currentColor"
          focusable="false"
          height="1em"
          viewBox="64 64 896 896"
          width="1em"
        >
          <path
            d="M880 184H712v-64c0-4.4-3.6-8-8-8h-56c-4.4 0-8 3.6-8 8v64H384v-64c0-4.4-3.6-8-8-8h-56c-4.4 0-8 3.6-8 8v64H144c-17.7 0-32 14.3-32 32v664c0 17.7 14.3 32 32 32h736c17.7 0 32-14.3 32-32V216c0-17.7-14.3-32-32-32zm-40 656H184V460h656v380zM184 392V256h128v48c0 4.4 3.6 8 8 8h56c4.4 0 8-3.6 8-8v-48h256v48c0 4.4 3.6 8 8 8h56c4.4 0 8-3.6 8-8v-48h128v136H184z"
          />
        </svg>
      </span>
    </span>
  </div>
</div>
`;

exports[`RangePicker Tests autoFocus 1`] = `
<div
  class="ant-picker-container"
>
  <label
    class="ant-picker-label date-start"
  >
    Start Date
  </label>
  <label
    class="ant-picker-label date-end"
  >
    End Date
  </label>
  <div
    class="ant-picker ant-picker-range"
  >
    <div
      class="ant-picker-input ant-picker-input-active"
    >
      <input
        autofocus=""
        placeholder="Start date"
        readonly=""
        size="12"
        value=""
      />
    </div>
    <div
      class="ant-picker-range-separator"
    >
      <span
        aria-label="to"
        class="ant-picker-separator"
      />
    </div>
    <div
      class="ant-picker-input"
    >
      <input
        placeholder="End date"
        readonly=""
        size="12"
        value=""
      />
    </div>
    <div
      class="ant-picker-active-bar"
      style="left: 0px; width: 0px; position: absolute;"
    />
    <span
      class="ant-picker-suffix"
    >
      <span
        aria-label="calendar"
        class="anticon anticon-calendar"
        role="img"
      >
        <svg
          aria-hidden="true"
          class=""
          data-icon="calendar"
          fill="currentColor"
          focusable="false"
          height="1em"
          viewBox="64 64 896 896"
          width="1em"
        >
          <path
            d="M880 184H712v-64c0-4.4-3.6-8-8-8h-56c-4.4 0-8 3.6-8 8v64H384v-64c0-4.4-3.6-8-8-8h-56c-4.4 0-8 3.6-8 8v64H144c-17.7 0-32 14.3-32 32v664c0 17.7 14.3 32 32 32h736c17.7 0 32-14.3 32-32V216c0-17.7-14.3-32-32-32zm-40 656H184V460h656v380zM184 392V256h128v48c0 4.4 3.6 8 8 8h56c4.4 0 8-3.6 8-8v-48h256v48c0 4.4 3.6 8 8 8h56c4.4 0 8-3.6 8-8v-48h128v136H184z"
          />
        </svg>
      </span>
    </span>
  </div>
</div>
`;

exports[`RangePicker Tests dateRender 1`] = `
<div
  class="ant-picker-container"
>
  <label
    class="ant-picker-label date-start"
  >
    Start Date
  </label>
  <label
    class="ant-picker-label date-end"
  >
    End Date
  </label>
  <div
    class="ant-picker ant-picker-range"
  >
    <div
      class="ant-picker-input ant-picker-input-active"
    >
      <input
        placeholder="Start date"
        readonly=""
        size="12"
        value=""
      />
    </div>
    <div
      class="ant-picker-range-separator"
    >
      <span
        aria-label="to"
        class="ant-picker-separator"
      />
    </div>
    <div
      class="ant-picker-input"
    >
      <input
        placeholder="End date"
        readonly=""
        size="12"
        value=""
      />
    </div>
    <div
      class="ant-picker-active-bar"
      style="left: 0px; width: 0px; position: absolute;"
    />
    <span
      class="ant-picker-suffix"
    >
      <span
        aria-label="calendar"
        class="anticon anticon-calendar"
        role="img"
      >
        <svg
          aria-hidden="true"
          class=""
          data-icon="calendar"
          fill="currentColor"
          focusable="false"
          height="1em"
          viewBox="64 64 896 896"
          width="1em"
        >
          <path
            d="M880 184H712v-64c0-4.4-3.6-8-8-8h-56c-4.4 0-8 3.6-8 8v64H384v-64c0-4.4-3.6-8-8-8h-56c-4.4 0-8 3.6-8 8v64H144c-17.7 0-32 14.3-32 32v664c0 17.7 14.3 32 32 32h736c17.7 0 32-14.3 32-32V216c0-17.7-14.3-32-32-32zm-40 656H184V460h656v380zM184 392V256h128v48c0 4.4 3.6 8 8 8h56c4.4 0 8-3.6 8-8v-48h256v48c0 4.4 3.6 8 8 8h56c4.4 0 8-3.6 8-8v-48h128v136H184z"
          />
        </svg>
      </span>
    </span>
  </div>
</div>
`;

exports[`RangePicker Tests format 1`] = `
<div
  class="ant-picker-container"
>
  <label
    class="ant-picker-label date-start"
  >
    Start Date
  </label>
  <label
    class="ant-picker-label date-end"
  >
    End Date
  </label>
  <div
    class="ant-picker ant-picker-range"
  >
    <div
      class="ant-picker-input ant-picker-input-active"
    >
      <input
        placeholder="Start date"
        readonly=""
        size="12"
        value=""
      />
    </div>
    <div
      class="ant-picker-range-separator"
    >
      <span
        aria-label="to"
        class="ant-picker-separator"
      />
    </div>
    <div
      class="ant-picker-input"
    >
      <input
        placeholder="End date"
        readonly=""
        size="12"
        value=""
      />
    </div>
    <div
      class="ant-picker-active-bar"
      style="left: 0px; width: 0px; position: absolute;"
    />
    <span
      class="ant-picker-suffix"
    >
      <span
        aria-label="calendar"
        class="anticon anticon-calendar"
        role="img"
      >
        <svg
          aria-hidden="true"
          class=""
          data-icon="calendar"
          fill="currentColor"
          focusable="false"
          height="1em"
          viewBox="64 64 896 896"
          width="1em"
        >
          <path
            d="M880 184H712v-64c0-4.4-3.6-8-8-8h-56c-4.4 0-8 3.6-8 8v64H384v-64c0-4.4-3.6-8-8-8h-56c-4.4 0-8 3.6-8 8v64H144c-17.7 0-32 14.3-32 32v664c0 17.7 14.3 32 32 32h736c17.7 0 32-14.3 32-32V216c0-17.7-14.3-32-32-32zm-40 656H184V460h656v380zM184 392V256h128v48c0 4.4 3.6 8 8 8h56c4.4 0 8-3.6 8-8v-48h256v48c0 4.4 3.6 8 8 8h56c4.4 0 8-3.6 8-8v-48h128v136H184z"
          />
        </svg>
      </span>
    </span>
  </div>
</div>
`;

exports[`RangePicker Tests mode 1`] = `
<div
  class="ant-picker-container"
>
  <label
    class="ant-picker-label date-start"
  >
    Start Date
  </label>
  <label
    class="ant-picker-label date-end"
  >
    End Date
  </label>
  <div
    class="ant-picker ant-picker-range"
  >
    <div
      class="ant-picker-input ant-picker-input-active"
    >
      <input
        placeholder="Start date"
        readonly=""
        size="12"
        value=""
      />
    </div>
    <div
      class="ant-picker-range-separator"
    >
      <span
        aria-label="to"
        class="ant-picker-separator"
      />
    </div>
    <div
      class="ant-picker-input"
    >
      <input
        placeholder="End date"
        readonly=""
        size="12"
        value=""
      />
    </div>
    <div
      class="ant-picker-active-bar"
      style="left: 0px; width: 0px; position: absolute;"
    />
    <span
      class="ant-picker-suffix"
    >
      <span
        aria-label="calendar"
        class="anticon anticon-calendar"
        role="img"
      >
        <svg
          aria-hidden="true"
          class=""
          data-icon="calendar"
          fill="currentColor"
          focusable="false"
          height="1em"
          viewBox="64 64 896 896"
          width="1em"
        >
          <path
            d="M880 184H712v-64c0-4.4-3.6-8-8-8h-56c-4.4 0-8 3.6-8 8v64H384v-64c0-4.4-3.6-8-8-8h-56c-4.4 0-8 3.6-8 8v64H144c-17.7 0-32 14.3-32 32v664c0 17.7 14.3 32 32 32h736c17.7 0 32-14.3 32-32V216c0-17.7-14.3-32-32-32zm-40 656H184V460h656v380zM184 392V256h128v48c0 4.4 3.6 8 8 8h56c4.4 0 8-3.6 8-8v-48h256v48c0 4.4 3.6 8 8 8h56c4.4 0 8-3.6 8-8v-48h128v136H184z"
          />
        </svg>
      </span>
    </span>
  </div>
</div>
`;

exports[`RangePicker Tests onCalendarChange 1`] = `
<div
  class="ant-picker-container"
>
  <label
    class="ant-picker-label date-start"
  >
    Start Date
  </label>
  <label
    class="ant-picker-label date-end"
  >
    End Date
  </label>
  <div
    class="ant-picker ant-picker-range"
  >
    <div
      class="ant-picker-input ant-picker-input-active"
    >
      <input
        placeholder="Start date"
        readonly=""
        size="12"
        value=""
      />
    </div>
    <div
      class="ant-picker-range-separator"
    >
      <span
        aria-label="to"
        class="ant-picker-separator"
      />
    </div>
    <div
      class="ant-picker-input"
    >
      <input
        placeholder="End date"
        readonly=""
        size="12"
        value=""
      />
    </div>
    <div
      class="ant-picker-active-bar"
      style="left: 0px; width: 0px; position: absolute;"
    />
    <span
      class="ant-picker-suffix"
    >
      <span
        aria-label="calendar"
        class="anticon anticon-calendar"
        role="img"
      >
        <svg
          aria-hidden="true"
          class=""
          data-icon="calendar"
          fill="currentColor"
          focusable="false"
          height="1em"
          viewBox="64 64 896 896"
          width="1em"
        >
          <path
            d="M880 184H712v-64c0-4.4-3.6-8-8-8h-56c-4.4 0-8 3.6-8 8v64H384v-64c0-4.4-3.6-8-8-8h-56c-4.4 0-8 3.6-8 8v64H144c-17.7 0-32 14.3-32 32v664c0 17.7 14.3 32 32 32h736c17.7 0 32-14.3 32-32V216c0-17.7-14.3-32-32-32zm-40 656H184V460h656v380zM184 392V256h128v48c0 4.4 3.6 8 8 8h56c4.4 0 8-3.6 8-8v-48h256v48c0 4.4 3.6 8 8 8h56c4.4 0 8-3.6 8-8v-48h128v136H184z"
          />
        </svg>
      </span>
    </span>
  </div>
</div>
`;

exports[`RangePicker Tests onOk 1`] = `
<div
  class="ant-picker-container"
>
  <label
    class="ant-picker-label date-start"
  >
    Start Date
  </label>
  <label
    class="ant-picker-label date-end"
  >
    End Date
  </label>
  <div
    class="ant-picker ant-picker-range"
  >
    <div
      class="ant-picker-input ant-picker-input-active"
    >
      <input
        placeholder="Start date"
        readonly=""
        size="12"
        value=""
      />
    </div>
    <div
      class="ant-picker-range-separator"
    >
      <span
        aria-label="to"
        class="ant-picker-separator"
      />
    </div>
    <div
      class="ant-picker-input"
    >
      <input
        placeholder="End date"
        readonly=""
        size="12"
        value=""
      />
    </div>
    <div
      class="ant-picker-active-bar"
      style="left: 0px; width: 0px; position: absolute;"
    />
    <span
      class="ant-picker-suffix"
    >
      <span
        aria-label="calendar"
        class="anticon anticon-calendar"
        role="img"
      >
        <svg
          aria-hidden="true"
          class=""
          data-icon="calendar"
          fill="currentColor"
          focusable="false"
          height="1em"
          viewBox="64 64 896 896"
          width="1em"
        >
          <path
            d="M880 184H712v-64c0-4.4-3.6-8-8-8h-56c-4.4 0-8 3.6-8 8v64H384v-64c0-4.4-3.6-8-8-8h-56c-4.4 0-8 3.6-8 8v64H144c-17.7 0-32 14.3-32 32v664c0 17.7 14.3 32 32 32h736c17.7 0 32-14.3 32-32V216c0-17.7-14.3-32-32-32zm-40 656H184V460h656v380zM184 392V256h128v48c0 4.4 3.6 8 8 8h56c4.4 0 8-3.6 8-8v-48h256v48c0 4.4 3.6 8 8 8h56c4.4 0 8-3.6 8-8v-48h128v136H184z"
          />
        </svg>
      </span>
    </span>
  </div>
</div>
`;

exports[`RangePicker Tests onOpenChange 1`] = `
<div
  class="ant-picker-container"
>
  <label
    class="ant-picker-label date-start"
  >
    Start Date
  </label>
  <label
    class="ant-picker-label date-end"
  >
    End Date
  </label>
  <div
    class="ant-picker ant-picker-range"
  >
    <div
      class="ant-picker-input ant-picker-input-active"
    >
      <input
        placeholder="Start date"
        readonly=""
        size="12"
        value=""
      />
    </div>
    <div
      class="ant-picker-range-separator"
    >
      <span
        aria-label="to"
        class="ant-picker-separator"
      />
    </div>
    <div
      class="ant-picker-input"
    >
      <input
        placeholder="End date"
        readonly=""
        size="12"
        value=""
      />
    </div>
    <div
      class="ant-picker-active-bar"
      style="left: 0px; width: 0px; position: absolute;"
    />
    <span
      class="ant-picker-suffix"
    >
      <span
        aria-label="calendar"
        class="anticon anticon-calendar"
        role="img"
      >
        <svg
          aria-hidden="true"
          class=""
          data-icon="calendar"
          fill="currentColor"
          focusable="false"
          height="1em"
          viewBox="64 64 896 896"
          width="1em"
        >
          <path
            d="M880 184H712v-64c0-4.4-3.6-8-8-8h-56c-4.4 0-8 3.6-8 8v64H384v-64c0-4.4-3.6-8-8-8h-56c-4.4 0-8 3.6-8 8v64H144c-17.7 0-32 14.3-32 32v664c0 17.7 14.3 32 32 32h736c17.7 0 32-14.3 32-32V216c0-17.7-14.3-32-32-32zm-40 656H184V460h656v380zM184 392V256h128v48c0 4.4 3.6 8 8 8h56c4.4 0 8-3.6 8-8v-48h256v48c0 4.4 3.6 8 8 8h56c4.4 0 8-3.6 8-8v-48h128v136H184z"
          />
        </svg>
      </span>
    </span>
  </div>
</div>
`;

exports[`RangePicker Tests onPanelChange 1`] = `
<div
  class="ant-picker-container"
>
  <label
    class="ant-picker-label date-start"
  >
    Start Date
  </label>
  <label
    class="ant-picker-label date-end"
  >
    End Date
  </label>
  <div
    class="ant-picker ant-picker-range"
  >
    <div
      class="ant-picker-input ant-picker-input-active"
    >
      <input
        placeholder="Start date"
        readonly=""
        size="12"
        value=""
      />
    </div>
    <div
      class="ant-picker-range-separator"
    >
      <span
        aria-label="to"
        class="ant-picker-separator"
      />
    </div>
    <div
      class="ant-picker-input"
    >
      <input
        placeholder="End date"
        readonly=""
        size="12"
        value=""
      />
    </div>
    <div
      class="ant-picker-active-bar"
      style="left: 0px; width: 0px; position: absolute;"
    />
    <span
      class="ant-picker-suffix"
    >
      <span
        aria-label="calendar"
        class="anticon anticon-calendar"
        role="img"
      >
        <svg
          aria-hidden="true"
          class=""
          data-icon="calendar"
          fill="currentColor"
          focusable="false"
          height="1em"
          viewBox="64 64 896 896"
          width="1em"
        >
          <path
            d="M880 184H712v-64c0-4.4-3.6-8-8-8h-56c-4.4 0-8 3.6-8 8v64H384v-64c0-4.4-3.6-8-8-8h-56c-4.4 0-8 3.6-8 8v64H144c-17.7 0-32 14.3-32 32v664c0 17.7 14.3 32 32 32h736c17.7 0 32-14.3 32-32V216c0-17.7-14.3-32-32-32zm-40 656H184V460h656v380zM184 392V256h128v48c0 4.4 3.6 8 8 8h56c4.4 0 8-3.6 8-8v-48h256v48c0 4.4 3.6 8 8 8h56c4.4 0 8-3.6 8-8v-48h128v136H184z"
          />
        </svg>
      </span>
    </span>
  </div>
</div>
`;

exports[`RangePicker Tests picker 1`] = `
<div
  class="ant-picker-container"
>
  <label
    class="ant-picker-label date-start"
  >
    Start Date
  </label>
  <label
    class="ant-picker-label date-end"
  >
    End Date
  </label>
  <div
    class="ant-picker ant-picker-range"
  >
    <div
      class="ant-picker-input ant-picker-input-active"
    >
      <input
        placeholder="Start year"
        readonly=""
        size="12"
        value=""
      />
    </div>
    <div
      class="ant-picker-range-separator"
    >
      <span
        aria-label="to"
        class="ant-picker-separator"
      />
    </div>
    <div
      class="ant-picker-input"
    >
      <input
        placeholder="End year"
        readonly=""
        size="12"
        value=""
      />
    </div>
    <div
      class="ant-picker-active-bar"
      style="left: 0px; width: 0px; position: absolute;"
    />
    <span
      class="ant-picker-suffix"
    >
      <span
        aria-label="calendar"
        class="anticon anticon-calendar"
        role="img"
      >
        <svg
          aria-hidden="true"
          class=""
          data-icon="calendar"
          fill="currentColor"
          focusable="false"
          height="1em"
          viewBox="64 64 896 896"
          width="1em"
        >
          <path
            d="M880 184H712v-64c0-4.4-3.6-8-8-8h-56c-4.4 0-8 3.6-8 8v64H384v-64c0-4.4-3.6-8-8-8h-56c-4.4 0-8 3.6-8 8v64H144c-17.7 0-32 14.3-32 32v664c0 17.7 14.3 32 32 32h736c17.7 0 32-14.3 32-32V216c0-17.7-14.3-32-32-32zm-40 656H184V460h656v380zM184 392V256h128v48c0 4.4 3.6 8 8 8h56c4.4 0 8-3.6 8-8v-48h256v48c0 4.4 3.6 8 8 8h56c4.4 0 8-3.6 8-8v-48h128v136H184z"
          />
        </svg>
      </span>
    </span>
  </div>
</div>
`;

exports[`RangePicker Tests placeholder 1`] = `
<div
  class="ant-picker-container"
>
  <label
    class="ant-picker-label date-start"
  >
    Start Date
  </label>
  <label
    class="ant-picker-label date-end"
  >
    End Date
  </label>
  <div
    class="ant-picker ant-picker-range"
  >
    <div
      class="ant-picker-input ant-picker-input-active"
    >
      <input
        placeholder="P"
        readonly=""
        size="12"
        value=""
      />
    </div>
    <div
      class="ant-picker-range-separator"
    >
      <span
        aria-label="to"
        class="ant-picker-separator"
      />
    </div>
    <div
      class="ant-picker-input"
    >
      <input
        placeholder="i"
        readonly=""
        size="12"
        value=""
      />
    </div>
    <div
      class="ant-picker-active-bar"
      style="left: 0px; width: 0px; position: absolute;"
    />
    <span
      class="ant-picker-suffix"
    >
      <span
        aria-label="calendar"
        class="anticon anticon-calendar"
        role="img"
      >
        <svg
          aria-hidden="true"
          class=""
          data-icon="calendar"
          fill="currentColor"
          focusable="false"
          height="1em"
          viewBox="64 64 896 896"
          width="1em"
        >
          <path
            d="M880 184H712v-64c0-4.4-3.6-8-8-8h-56c-4.4 0-8 3.6-8 8v64H384v-64c0-4.4-3.6-8-8-8h-56c-4.4 0-8 3.6-8 8v64H144c-17.7 0-32 14.3-32 32v664c0 17.7 14.3 32 32 32h736c17.7 0 32-14.3 32-32V216c0-17.7-14.3-32-32-32zm-40 656H184V460h656v380zM184 392V256h128v48c0 4.4 3.6 8 8 8h56c4.4 0 8-3.6 8-8v-48h256v48c0 4.4 3.6 8 8 8h56c4.4 0 8-3.6 8-8v-48h128v136H184z"
          />
        </svg>
      </span>
    </span>
  </div>
</div>
`;

exports[`RangePicker Tests presetRanges 1`] = `
<div
  class="ant-picker-container"
>
  <label
    class="ant-picker-label date-start"
  >
    Start Date
  </label>
  <label
    class="ant-picker-label date-end"
  >
    End Date
  </label>
  <div
    class="ant-picker ant-picker-range"
  >
    <div
      class="ant-picker-input ant-picker-input-active"
    >
      <input
        placeholder="Start date"
        readonly=""
        size="12"
        value=""
      />
    </div>
    <div
      class="ant-picker-range-separator"
    >
      <span
        aria-label="to"
        class="ant-picker-separator"
      />
    </div>
    <div
      class="ant-picker-input"
    >
      <input
        placeholder="End date"
        readonly=""
        size="12"
        value=""
      />
    </div>
    <div
      class="ant-picker-active-bar"
      style="left: 0px; width: 0px; position: absolute;"
    />
    <span
      class="ant-picker-suffix"
    >
      <span
        aria-label="calendar"
        class="anticon anticon-calendar"
        role="img"
      >
        <svg
          aria-hidden="true"
          class=""
          data-icon="calendar"
          fill="currentColor"
          focusable="false"
          height="1em"
          viewBox="64 64 896 896"
          width="1em"
        >
          <path
            d="M880 184H712v-64c0-4.4-3.6-8-8-8h-56c-4.4 0-8 3.6-8 8v64H384v-64c0-4.4-3.6-8-8-8h-56c-4.4 0-8 3.6-8 8v64H144c-17.7 0-32 14.3-32 32v664c0 17.7 14.3 32 32 32h736c17.7 0 32-14.3 32-32V216c0-17.7-14.3-32-32-32zm-40 656H184V460h656v380zM184 392V256h128v48c0 4.4 3.6 8 8 8h56c4.4 0 8-3.6 8-8v-48h256v48c0 4.4 3.6 8 8 8h56c4.4 0 8-3.6 8-8v-48h128v136H184z"
          />
        </svg>
      </span>
    </span>
  </div>
</div>
`;

exports[`RangePicker Tests renderExtraFooter 1`] = `
<div
  class="ant-picker-container"
>
  <label
    class="ant-picker-label date-start"
  >
    Start Date
  </label>
  <label
    class="ant-picker-label date-end"
  >
    End Date
  </label>
  <div
    class="ant-picker ant-picker-range"
  >
    <div
      class="ant-picker-input ant-picker-input-active"
    >
      <input
        placeholder="Start date"
        readonly=""
        size="12"
        value=""
      />
    </div>
    <div
      class="ant-picker-range-separator"
    >
      <span
        aria-label="to"
        class="ant-picker-separator"
      />
    </div>
    <div
      class="ant-picker-input"
    >
      <input
        placeholder="End date"
        readonly=""
        size="12"
        value=""
      />
    </div>
    <div
      class="ant-picker-active-bar"
      style="left: 0px; width: 0px; position: absolute;"
    />
    <span
      class="ant-picker-suffix"
    >
      <span
        aria-label="calendar"
        class="anticon anticon-calendar"
        role="img"
      >
        <svg
          aria-hidden="true"
          class=""
          data-icon="calendar"
          fill="currentColor"
          focusable="false"
          height="1em"
          viewBox="64 64 896 896"
          width="1em"
        >
          <path
            d="M880 184H712v-64c0-4.4-3.6-8-8-8h-56c-4.4 0-8 3.6-8 8v64H384v-64c0-4.4-3.6-8-8-8h-56c-4.4 0-8 3.6-8 8v64H144c-17.7 0-32 14.3-32 32v664c0 17.7 14.3 32 32 32h736c17.7 0 32-14.3 32-32V216c0-17.7-14.3-32-32-32zm-40 656H184V460h656v380zM184 392V256h128v48c0 4.4 3.6 8 8 8h56c4.4 0 8-3.6 8-8v-48h256v48c0 4.4 3.6 8 8 8h56c4.4 0 8-3.6 8-8v-48h128v136H184z"
          />
        </svg>
      </span>
    </span>
  </div>
</div>
`;

exports[`RangePicker Tests renders correctly 1`] = `
<div
  class="ant-picker-container"
>
  <label
    class="ant-picker-label date-start"
  >
    Start Date
  </label>
  <label
    class="ant-picker-label date-end"
  >
    End Date
  </label>
  <div
    class="ant-picker ant-picker-range"
  >
    <div
      class="ant-picker-input ant-picker-input-active"
    >
      <input
        placeholder="Start date"
        readonly=""
        size="12"
        value=""
      />
    </div>
    <div
      class="ant-picker-range-separator"
    >
      <span
        aria-label="to"
        class="ant-picker-separator"
      />
    </div>
    <div
      class="ant-picker-input"
    >
      <input
        placeholder="End date"
        readonly=""
        size="12"
        value=""
      />
    </div>
    <div
      class="ant-picker-active-bar"
      style="left: 0px; width: 0px; position: absolute;"
    />
    <span
      class="ant-picker-suffix"
    >
      <span
        aria-label="calendar"
        class="anticon anticon-calendar"
        role="img"
      >
        <svg
          aria-hidden="true"
          class=""
          data-icon="calendar"
          fill="currentColor"
          focusable="false"
          height="1em"
          viewBox="64 64 896 896"
          width="1em"
        >
          <path
            d="M880 184H712v-64c0-4.4-3.6-8-8-8h-56c-4.4 0-8 3.6-8 8v64H384v-64c0-4.4-3.6-8-8-8h-56c-4.4 0-8 3.6-8 8v64H144c-17.7 0-32 14.3-32 32v664c0 17.7 14.3 32 32 32h736c17.7 0 32-14.3 32-32V216c0-17.7-14.3-32-32-32zm-40 656H184V460h656v380zM184 392V256h128v48c0 4.4 3.6 8 8 8h56c4.4 0 8-3.6 8-8v-48h256v48c0 4.4 3.6 8 8 8h56c4.4 0 8-3.6 8-8v-48h128v136H184z"
          />
        </svg>
      </span>
    </span>
  </div>
</div>
`;

exports[`RangePicker Tests renders with default Value 1`] = `
<div
  class="ant-picker-container"
>
  <label
    class="ant-picker-label date-start"
  >
    Start Date
  </label>
  <label
    class="ant-picker-label date-end"
  >
    End Date
  </label>
  <div
    class="ant-picker ant-picker-range"
  >
    <div
      class="ant-picker-input ant-picker-input-active"
    >
      <input
        placeholder="Start date"
        readonly=""
        size="12"
        value=""
      />
    </div>
    <div
      class="ant-picker-range-separator"
    >
      <span
        aria-label="to"
        class="ant-picker-separator"
      />
    </div>
    <div
      class="ant-picker-input"
    >
      <input
        placeholder="End date"
        readonly=""
        size="12"
        value=""
      />
    </div>
    <div
      class="ant-picker-active-bar"
      style="left: 0px; width: 0px; position: absolute;"
    />
    <span
      class="ant-picker-suffix"
    >
      <span
        aria-label="calendar"
        class="anticon anticon-calendar"
        role="img"
      >
        <svg
          aria-hidden="true"
          class=""
          data-icon="calendar"
          fill="currentColor"
          focusable="false"
          height="1em"
          viewBox="64 64 896 896"
          width="1em"
        >
          <path
            d="M880 184H712v-64c0-4.4-3.6-8-8-8h-56c-4.4 0-8 3.6-8 8v64H384v-64c0-4.4-3.6-8-8-8h-56c-4.4 0-8 3.6-8 8v64H144c-17.7 0-32 14.3-32 32v664c0 17.7 14.3 32 32 32h736c17.7 0 32-14.3 32-32V216c0-17.7-14.3-32-32-32zm-40 656H184V460h656v380zM184 392V256h128v48c0 4.4 3.6 8 8 8h56c4.4 0 8-3.6 8-8v-48h256v48c0 4.4 3.6 8 8 8h56c4.4 0 8-3.6 8-8v-48h128v136H184z"
          />
        </svg>
      </span>
    </span>
  </div>
</div>
`;

exports[`RangePicker Tests showTime 1`] = `
<div
  class="ant-picker-container"
>
  <label
    class="ant-picker-label date-start"
  >
    Start Date
  </label>
  <label
    class="ant-picker-label date-end"
  >
    End Date
  </label>
  <div
    class="ant-picker ant-picker-range"
  >
    <div
      class="ant-picker-input ant-picker-input-active"
    >
      <input
        placeholder="Start date"
        readonly=""
        size="12"
        value=""
      />
    </div>
    <div
      class="ant-picker-range-separator"
    >
      <span
        aria-label="to"
        class="ant-picker-separator"
      />
    </div>
    <div
      class="ant-picker-input"
    >
      <input
        placeholder="End date"
        readonly=""
        size="12"
        value=""
      />
    </div>
    <div
      class="ant-picker-active-bar"
      style="left: 0px; width: 0px; position: absolute;"
    />
    <span
      class="ant-picker-suffix"
    >
      <span
        aria-label="calendar"
        class="anticon anticon-calendar"
        role="img"
      >
        <svg
          aria-hidden="true"
          class=""
          data-icon="calendar"
          fill="currentColor"
          focusable="false"
          height="1em"
          viewBox="64 64 896 896"
          width="1em"
        >
          <path
            d="M880 184H712v-64c0-4.4-3.6-8-8-8h-56c-4.4 0-8 3.6-8 8v64H384v-64c0-4.4-3.6-8-8-8h-56c-4.4 0-8 3.6-8 8v64H144c-17.7 0-32 14.3-32 32v664c0 17.7 14.3 32 32 32h736c17.7 0 32-14.3 32-32V216c0-17.7-14.3-32-32-32zm-40 656H184V460h656v380zM184 392V256h128v48c0 4.4 3.6 8 8 8h56c4.4 0 8-3.6 8-8v-48h256v48c0 4.4 3.6 8 8 8h56c4.4 0 8-3.6 8-8v-48h128v136H184z"
          />
        </svg>
      </span>
    </span>
  </div>
</div>
`;

exports[`RangePicker Tests showToday 1`] = `
<div
  class="ant-picker-container"
>
  <label
    class="ant-picker-label date-start"
  >
    Start Date
  </label>
  <label
    class="ant-picker-label date-end"
  >
    End Date
  </label>
  <div
    class="ant-picker ant-picker-range"
  >
    <div
      class="ant-picker-input ant-picker-input-active"
    >
      <input
        placeholder="Start date"
        readonly=""
        size="12"
        value=""
      />
    </div>
    <div
      class="ant-picker-range-separator"
    >
      <span
        aria-label="to"
        class="ant-picker-separator"
      />
    </div>
    <div
      class="ant-picker-input"
    >
      <input
        placeholder="End date"
        readonly=""
        size="12"
        value=""
      />
    </div>
    <div
      class="ant-picker-active-bar"
      style="left: 0px; width: 0px; position: absolute;"
    />
    <span
      class="ant-picker-suffix"
    >
      <span
        aria-label="calendar"
        class="anticon anticon-calendar"
        role="img"
      >
        <svg
          aria-hidden="true"
          class=""
          data-icon="calendar"
          fill="currentColor"
          focusable="false"
          height="1em"
          viewBox="64 64 896 896"
          width="1em"
        >
          <path
            d="M880 184H712v-64c0-4.4-3.6-8-8-8h-56c-4.4 0-8 3.6-8 8v64H384v-64c0-4.4-3.6-8-8-8h-56c-4.4 0-8 3.6-8 8v64H144c-17.7 0-32 14.3-32 32v664c0 17.7 14.3 32 32 32h736c17.7 0 32-14.3 32-32V216c0-17.7-14.3-32-32-32zm-40 656H184V460h656v380zM184 392V256h128v48c0 4.4 3.6 8 8 8h56c4.4 0 8-3.6 8-8v-48h256v48c0 4.4 3.6 8 8 8h56c4.4 0 8-3.6 8-8v-48h128v136H184z"
          />
        </svg>
      </span>
    </span>
  </div>
</div>
`;

exports[`RangePicker Tests size 1`] = `
<div
  class="ant-picker-container"
>
  <label
    class="ant-picker-label date-start"
  >
    Start Date
  </label>
  <label
    class="ant-picker-label date-end"
  >
    End Date
  </label>
  <div
    class="ant-picker ant-picker-range ant-picker-large"
  >
    <div
      class="ant-picker-input ant-picker-input-active"
    >
      <input
        placeholder="Start date"
        readonly=""
        size="12"
        value=""
      />
    </div>
    <div
      class="ant-picker-range-separator"
    >
      <span
        aria-label="to"
        class="ant-picker-separator"
      />
    </div>
    <div
      class="ant-picker-input"
    >
      <input
        placeholder="End date"
        readonly=""
        size="12"
        value=""
      />
    </div>
    <div
      class="ant-picker-active-bar"
      style="left: 0px; width: 0px; position: absolute;"
    />
    <span
      class="ant-picker-suffix"
    >
      <span
        aria-label="calendar"
        class="anticon anticon-calendar"
        role="img"
      >
        <svg
          aria-hidden="true"
          class=""
          data-icon="calendar"
          fill="currentColor"
          focusable="false"
          height="1em"
          viewBox="64 64 896 896"
          width="1em"
        >
          <path
            d="M880 184H712v-64c0-4.4-3.6-8-8-8h-56c-4.4 0-8 3.6-8 8v64H384v-64c0-4.4-3.6-8-8-8h-56c-4.4 0-8 3.6-8 8v64H144c-17.7 0-32 14.3-32 32v664c0 17.7 14.3 32 32 32h736c17.7 0 32-14.3 32-32V216c0-17.7-14.3-32-32-32zm-40 656H184V460h656v380zM184 392V256h128v48c0 4.4 3.6 8 8 8h56c4.4 0 8-3.6 8-8v-48h256v48c0 4.4 3.6 8 8 8h56c4.4 0 8-3.6 8-8v-48h128v136H184z"
          />
        </svg>
      </span>
    </span>
  </div>
</div>
`;
