// Jest Snapshot v1, https://goo.gl/fbAQLP

exports[`ErrorPage Component renders correctly 1`] = `
<div
  className="row component-example mb-3 full-height"
>
  <div
    className="col-sm-12"
  >
    <div
      className="error-page full-height"
    >
      <div
        className="row full-height col"
      >
        <div
          className="col-sm-8 col-left"
        >
          <div
            className="center-align error-page-message"
          >
            <h1
              className="header"
            >
              Session Expired
            </h1>
            <p
              className="content"
            >
              Your 7BOSS session has expired. To reconnect, please reboot your browser and login again.
            </p>
          </div>
        </div>
        <div
          className="col-sm-4 col-right"
        >
          <span
            className="icon icon-logo-7eleven-color center-align"
          >
            <span
              className="path1"
            />
            <span
              className="path2"
            />
            <span
              className="path3"
            />
            <span
              className="path4"
            />
            <span
              className="path5"
            />
            <span
              className="path6"
            />
            <span
              className="path7"
            />
            <span
              className="path8"
            />
            <span
              className="path9"
            />
            <span
              className="path10"
            />
          </span>
        </div>
        <div
          className="footer"
        >
          <div
            className="bar"
          />
          <div
            className="bar"
          />
          <div
            className="bar"
          />
        </div>
      </div>
    </div>
  </div>
</div>
`;
